Commit 0: Initial Next.js setup  at 2026-06-10T04:53:20.686Z
Commit 1: Configure Tailwind CSS  at 2026-07-01T16:26:07.160Z
Commit 2: Add ESLint and Prettier  at 2026-08-11T19:02:52.232Z
Commit 3: Set up project structure (fix) at 2026-09-14T03:01:15.591Z
Commit 4: Create base UI components  at 2026-06-05T00:26:39.679Z
Commit 5: Add Radix UI primitives  at 2026-08-04T17:45:14.102Z
Commit 6: Implement ThemeProvider for dark mode  at 2026-06-11T05:49:02.938Z
Commit 7: Design Header component  at 2026-09-16T12:35:19.520Z
Commit 8: Add MainSidebar layout component  at 2026-07-09T19:49:58.656Z
Commit 9: Setup routing for dashboard  at 2026-09-10T17:12:11.299Z
Commit 10: Create Student Dashboard shell  at 2026-06-02T07:05:11.389Z
Commit 11: Create Employer Dashboard shell (fix) at 2026-09-13T14:40:52.959Z
Commit 12: Create Faculty Dashboard shell  at 2026-05-31T20:56:43.031Z
Commit 13: Create Placement Cell Dashboard shell  at 2026-06-25T16:31:34.743Z
Commit 14: Setup Mongoose connection  at 2026-07-04T13:44:36.858Z
Commit 15: Define User model in MongoDB  at 2026-07-27T13:03:08.110Z
Commit 16: Define Profile model  at 2026-08-04T21:28:21.747Z
Commit 17: Define Opportunity model  at 2026-09-13T04:55:59.912Z
Commit 18: Define Application model  at 2026-07-30T02:03:45.164Z
Commit 19: Define Notification model  at 2026-06-07T09:37:48.723Z
Commit 20: Add Next.js API route for user authentication  at 2026-07-07T09:46:16.899Z
Commit 21: Implement login API route (fix) at 2026-09-09T21:36:15.428Z
Commit 22: Implement signup API route  at 2026-08-20T17:03:45.146Z
Commit 23: Add bcryptjs for password hashing  at 2026-08-17T09:24:09.940Z
Commit 24: Implement JWT session handling  at 2026-07-20T08:18:01.618Z
Commit 25: Create LoginForm UI component  at 2026-07-28T15:44:05.079Z
